// Jest Snapshot v1, https://goo.gl/fbAQLP

exports[`renders correctly 1`] = `
<div
  className="sudoku-board-empty"
>
  <div
    className="spinner"
  />
</div>
`;
